./centos-logo.jpg
./components-gnade-gtk.gpr
./components-gtk.gpr
./components-odbc-gtk.gpr
./debian-logo.jpg
./download.jpg
./fedora-logo.jpg
./gdk-color-ihls.adb
./gdk-color-ihls.ads
./gdk-pixbuf-conversions.ads
./gdk-pixbuf-image.adb
./gdk-pixbuf-image.ads
./gio-content_type.adb
./gio-content_type.ads
./gio-drive.adb
./gio-drive.ads
./gio-mount.adb
./gio-mount.ads
./gio-volume.adb
./gio-volume.ads
./gio-volume_monitor.adb
./gio-volume_monitor.ads
./gio.ads
./glib-chars_ptr_vectors.adb
./glib-chars_ptr_vectors.ads
./glib-object-checked_destroy.adb
./glib-object-checked_destroy.ads
./glib-object-ref_count.adb
./glib-object-ref_count.ads
./glib-object-strong_references.adb
./glib-object-strong_references.ads
./glib-object-weak_references.adb
./glib-object-weak_references.ads
./glib-properties-icon_size.ads
./glib-properties-relief_style.ads
./glib-spawn-asynchronous.adb
./glib-spawn-asynchronous.ads
./glib-spawn-text_bufferred.adb
./glib-spawn-text_bufferred.ads
./glib-spawn.adb
./glib-spawn.ads
./glib-values-handle.adb
./glib-values-handle.ads
./glib-values-handling.adb
./glib-values-handling.ads
./glib-wrappers.adb
./glib-wrappers.ads
./gtk-abstract_browser.adb
./gtk-abstract_browser.ads
./gtk-cell_renderer-abstract_renderer.adb
./gtk-cell_renderer-abstract_renderer.ads
./gtk-cell_renderer_fixed.adb
./gtk-cell_renderer_fixed.ads
./gtk-directory_browser.adb
./gtk-directory_browser.ads
./gtk-enums-string_lists-wildcards.adb
./gtk-enums-string_lists-wildcards.ads
./gtk-enums-string_lists.adb
./gtk-enums-string_lists.ads
./gtk-generic_enum_combo_box.adb
./gtk-generic_enum_combo_box.ads
./gtk-generic_style_button.adb
./gtk-generic_style_button.ads
./gtk-handlers-generic_callback.adb
./gtk-handlers-generic_callback.ads
./gtk-handlers-references.adb
./gtk-handlers-references.ads
./gtk-image_button.adb
./gtk-image_button.ads
./gtk-main-router-gnat_stack.adb
./gtk-main-router-gnat_stack.ads
./gtk-main-router.adb
./gtk-main-router.ads
./gtk-missed.adb
./gtk-missed.ads
./gtk-persistent_storage_browser.adb
./gtk-persistent_storage_browser.ads
./gtk-persistent_storage_credentials_dialog-native_odbc.adb
./gtk-persistent_storage_credentials_dialog-native_odbc.ads
./gtk-persistent_storage_credentials_dialog-odbc.adb
./gtk-persistent_storage_credentials_dialog-odbc.ads
./gtk-persistent_storage_credentials_dialog.adb
./gtk-persistent_storage_credentials_dialog.ads
./gtk-recent_manager_alt.adb
./gtk-recent_manager_alt.ads
./gtk-recent_manager_keys.adb
./gtk-recent_manager_keys.ads
./gtk-source_buffer.adb
./gtk-source_buffer.ads
./gtk-source_language.adb
./gtk-source_language.ads
./gtk-source_language_manager.adb
./gtk-source_language_manager.ads
./gtk-source_mark.adb
./gtk-source_mark.ads
./gtk-source_mark_attributes.adb
./gtk-source_mark_attributes.ads
./gtk-source_style.adb
./gtk-source_style.ads
./gtk-source_style_scheme.adb
./gtk-source_style_scheme.ads
./gtk-source_style_scheme_manager.adb
./gtk-source_style_scheme_manager.ads
./gtk-source_view.adb
./gtk-source_view.ads
./gtk-tree_model-abstract_store.adb
./gtk-tree_model-abstract_store.ads
./gtk-tree_model-columned_store.adb
./gtk-tree_model-columned_store.ads
./gtk-tree_model-extension_store.adb
./gtk-tree_model-extension_store.ads
./gtk-tree_model-generic_sort.adb
./gtk-tree_model-generic_sort.ads
./gtk-widget-styles-css_store.adb
./gtk-widget-styles-css_store.ads
./gtk-widget-styles-generic_enumeration.adb
./gtk-widget-styles-generic_enumeration.ads
./gtk-widget-styles-icon_size.ads
./gtk-widget-styles-relief_style.ads
./gtk-widget-styles-store.adb
./gtk-widget-styles-store.ads
./gtk-widget-styles.adb
./gtk-widget-styles.ads
./gtk-wildcard_directory_browser.adb
./gtk-wildcard_directory_browser.ads
./gtkada_contributions-source_view.gpr
./gtkada_contributions.gpr
./gtkada_contributions.htm
./gtk_cell_renderer_fixed.gif
./gtk_directory_browser.png
./gtk_unit_selection.gif
./home.jpg
./in.jpg
./index.gif
./main_router_trace.gif
./next.gif
./prev.gif
./readme_gtkada.txt
./test_gtkada/components-gnade-gtk-tests.gpr
./test_gtkada/components-gtk-tests.gpr
./test_gtkada/gtk-tree_model-custom_store.adb
./test_gtkada/gtk-tree_model-custom_store.ads
./test_gtkada/gtkada_contributions-source_view-tests.gpr
./test_gtkada/gtkada_contributions-tests.gpr
./test_gtkada/readme_gtkada.txt
./test_gtkada/test_gtk_asynchronous_spawn.adb
./test_gtkada/test_gtk_button.adb
./test_gtkada/test_gtk_button.css
./test_gtkada/test_gtk_color.adb
./test_gtkada/test_gtk_columned_store.adb
./test_gtkada/test_gtk_content_type.adb
./test_gtkada/test_gtk_controlled_string_list.adb
./test_gtkada/test_gtk_custom_button.ads
./test_gtkada/test_gtk_custom_store.adb
./test_gtkada/test_gtk_directory_browser.adb
./test_gtkada/test_gtk_enum_combo_box.adb
./test_gtkada/test_gtk_extension_store.adb
./test_gtkada/test_gtk_fixed.adb
./test_gtkada/test_gtk_fixed_handlers.ads
./test_gtkada/test_gtk_missed.adb
./test_gtkada/test_gtk_persistent_directory_browser.adb
./test_gtkada/test_gtk_p_enum.ads
./test_gtkada/test_gtk_recent_manager.adb
./test_gtkada/test_gtk_source_view.adb
./test_gtkada/test_gtk_spawn.adb
./test_gtkada/test_gtk_tasking.adb
./test_gtkada/test_gtk_tracing.adb
./trace_dropdown_menu.gif
./xpm2gtkada/readme_gtkada.txt
./xpm2gtkada/xpm2gtkada.adb
./xpm2gtkada/xpm2gtkada.gpr
